2026-02-28 22:45:03,871 - src.masks - DEBUG: Проверяется номер карты на пустое значение
2026-02-28 22:45:03,872 - src.masks - DEBUG: Проверяется номер карты, что введены цифры
2026-02-28 22:45:03,872 - src.masks - DEBUG: Проверяется номер счета на количество символов
2026-02-28 22:45:03,872 - src.masks - INFO: Замаскирован номер карты
2026-02-28 22:45:03,873 - src.masks - DEBUG: Проверяется номер карты на пустое значение
2026-02-28 22:45:03,873 - src.masks - DEBUG: Проверяется номер карты, что введены цифры
2026-02-28 22:45:03,873 - src.masks - DEBUG: Проверяется номер счета на количество символов
2026-02-28 22:45:03,873 - src.masks - INFO: Замаскирован номер карты
2026-02-28 22:45:03,873 - src.masks - DEBUG: Проверяется номер карты на пустое значение
2026-02-28 22:45:03,874 - src.masks - DEBUG: Проверяется номер карты, что введены цифры
2026-02-28 22:45:03,874 - src.masks - DEBUG: Проверяется номер счета на количество символов
2026-02-28 22:45:03,874 - src.masks - INFO: Замаскирован номер карты
2026-02-28 22:45:03,875 - src.masks - DEBUG: Проверяется номер карты на пустое значение
2026-02-28 22:45:03,875 - src.masks - DEBUG: Проверяется номер карты, что введены цифры
2026-02-28 22:45:03,875 - src.masks - DEBUG: Проверяется номер счета на количество символов
2026-02-28 22:45:03,875 - src.masks - INFO: Замаскирован номер карты
2026-02-28 22:45:03,876 - src.masks - DEBUG: Проверяется номер карты на пустое значение
2026-02-28 22:45:03,876 - src.masks - ERROR: Не введено никаких символов
2026-02-28 22:45:03,876 - src.masks - DEBUG: Проверяется номер карты на пустое значение
2026-02-28 22:45:03,876 - src.masks - DEBUG: Проверяется номер карты, что введены цифры
2026-02-28 22:45:03,876 - src.masks - ERROR: Введены буквенные значения
2026-02-28 22:45:03,877 - src.masks - DEBUG: Проверяется номер карты на пустое значение
2026-02-28 22:45:03,877 - src.masks - DEBUG: Проверяется номер карты, что введены цифры
2026-02-28 22:45:03,877 - src.masks - ERROR: Введены буквенные значения
2026-02-28 22:45:03,878 - src.masks - DEBUG: Проверяется номер карты на пустое значение
2026-02-28 22:45:03,878 - src.masks - DEBUG: Проверяется номер карты, что введены цифры
2026-02-28 22:45:03,878 - src.masks - ERROR: Введены буквенные значения
2026-02-28 22:45:03,879 - src.masks - DEBUG: Проверяется номер карты на пустое значение
2026-02-28 22:45:03,879 - src.masks - DEBUG: Проверяется номер карты, что введены цифры
2026-02-28 22:45:03,879 - src.masks - ERROR: Введены буквенные значения
2026-02-28 22:45:03,880 - src.masks - DEBUG: Проверяется номер карты на пустое значение
2026-02-28 22:45:03,880 - src.masks - DEBUG: Проверяется номер карты, что введены цифры
2026-02-28 22:45:03,880 - src.masks - DEBUG: Проверяется номер счета на количество символов
2026-02-28 22:45:03,880 - src.masks - ERROR: Введено 1. Должно быть 16
2026-02-28 22:45:03,880 - src.masks - DEBUG: Проверяется номер карты на пустое значение
2026-02-28 22:45:03,880 - src.masks - DEBUG: Проверяется номер карты, что введены цифры
2026-02-28 22:45:03,880 - src.masks - DEBUG: Проверяется номер счета на количество символов
2026-02-28 22:45:03,880 - src.masks - ERROR: Введено 1. Должно быть 16
2026-02-28 22:45:03,880 - src.masks - DEBUG: Проверяется номер карты на пустое значение
2026-02-28 22:45:03,880 - src.masks - DEBUG: Проверяется номер карты, что введены цифры
2026-02-28 22:45:03,880 - src.masks - DEBUG: Проверяется номер счета на количество символов
2026-02-28 22:45:03,880 - src.masks - ERROR: Введено 1. Должно быть 16
2026-02-28 22:45:03,880 - src.masks - DEBUG: Проверяется номер карты на пустое значение
2026-02-28 22:45:03,880 - src.masks - DEBUG: Проверяется номер карты, что введены цифры
2026-02-28 22:45:03,880 - src.masks - DEBUG: Проверяется номер счета на количество символов
2026-02-28 22:45:03,880 - src.masks - ERROR: Введено 1. Должно быть 16
2026-02-28 22:45:03,880 - src.masks - DEBUG: Проверяется номер карты на пустое значение
2026-02-28 22:45:03,880 - src.masks - DEBUG: Проверяется номер карты, что введены цифры
2026-02-28 22:45:03,880 - src.masks - DEBUG: Проверяется номер счета на количество символов
2026-02-28 22:45:03,880 - src.masks - ERROR: Введено 1. Должно быть 16
2026-02-28 22:45:03,881 - src.masks - DEBUG: Проверяется номер карты на пустое значение
2026-02-28 22:45:03,881 - src.masks - DEBUG: Проверяется номер карты, что введены цифры
2026-02-28 22:45:03,881 - src.masks - DEBUG: Проверяется номер счета на количество символов
2026-02-28 22:45:03,881 - src.masks - ERROR: Введено 1. Должно быть 16
2026-02-28 22:45:03,881 - src.masks - DEBUG: Проверяется номер карты на пустое значение
2026-02-28 22:45:03,881 - src.masks - DEBUG: Проверяется номер карты, что введены цифры
2026-02-28 22:45:03,881 - src.masks - DEBUG: Проверяется номер счета на количество символов
2026-02-28 22:45:03,881 - src.masks - ERROR: Введено 1. Должно быть 16
2026-02-28 22:45:03,882 - src.masks - DEBUG: Проверяется номер карты на пустое значение
2026-02-28 22:45:03,882 - src.masks - DEBUG: Проверяется номер карты, что введены цифры
2026-02-28 22:45:03,882 - src.masks - DEBUG: Проверяется номер счета на количество символов
2026-02-28 22:45:03,882 - src.masks - ERROR: Введено 1. Должно быть 16
2026-02-28 22:45:03,882 - src.masks - DEBUG: Проверяется номер карты на пустое значение
2026-02-28 22:45:03,882 - src.masks - DEBUG: Проверяется номер карты, что введены цифры
2026-02-28 22:45:03,882 - src.masks - DEBUG: Проверяется номер счета на количество символов
2026-02-28 22:45:03,883 - src.masks - ERROR: Введено 1. Должно быть 16
2026-02-28 22:45:03,883 - src.masks - DEBUG: Проверяется номер карты на пустое значение
2026-02-28 22:45:03,883 - src.masks - DEBUG: Проверяется номер карты, что введены цифры
2026-02-28 22:45:03,883 - src.masks - DEBUG: Проверяется номер счета на количество символов
2026-02-28 22:45:03,883 - src.masks - ERROR: Введено 1. Должно быть 16
2026-02-28 22:45:03,883 - src.masks - DEBUG: Проверяется номер карты на пустое значение
2026-02-28 22:45:03,883 - src.masks - DEBUG: Проверяется номер карты, что введены цифры
2026-02-28 22:45:03,883 - src.masks - DEBUG: Проверяется номер счета на количество символов
2026-02-28 22:45:03,883 - src.masks - ERROR: Введено 1. Должно быть 16
2026-02-28 22:45:03,883 - src.masks - DEBUG: Проверяется номер карты на пустое значение
2026-02-28 22:45:03,883 - src.masks - DEBUG: Проверяется номер карты, что введены цифры
2026-02-28 22:45:03,883 - src.masks - DEBUG: Проверяется номер счета на количество символов
2026-02-28 22:45:03,883 - src.masks - ERROR: Введено 1. Должно быть 16
2026-02-28 22:45:03,883 - src.masks - DEBUG: Проверяется номер карты на пустое значение
2026-02-28 22:45:03,883 - src.masks - DEBUG: Проверяется номер карты, что введены цифры
2026-02-28 22:45:03,883 - src.masks - DEBUG: Проверяется номер счета на количество символов
2026-02-28 22:45:03,883 - src.masks - ERROR: Введено 1. Должно быть 16
2026-02-28 22:45:03,883 - src.masks - DEBUG: Проверяется номер карты на пустое значение
2026-02-28 22:45:03,883 - src.masks - DEBUG: Проверяется номер карты, что введены цифры
2026-02-28 22:45:03,883 - src.masks - DEBUG: Проверяется номер счета на количество символов
2026-02-28 22:45:03,883 - src.masks - ERROR: Введено 1. Должно быть 16
2026-02-28 22:45:03,883 - src.masks - DEBUG: Проверяется номер карты на пустое значение
2026-02-28 22:45:03,883 - src.masks - DEBUG: Проверяется номер карты, что введены цифры
2026-02-28 22:45:03,883 - src.masks - DEBUG: Проверяется номер счета на количество символов
2026-02-28 22:45:03,884 - src.masks - ERROR: Введено 1. Должно быть 16
2026-02-28 22:45:03,884 - src.masks - DEBUG: Проверяется номер карты на пустое значение
2026-02-28 22:45:03,884 - src.masks - DEBUG: Проверяется номер карты, что введены цифры
2026-02-28 22:45:03,884 - src.masks - DEBUG: Проверяется номер счета на количество символов
2026-02-28 22:45:03,884 - src.masks - ERROR: Введено 1. Должно быть 16
2026-02-28 22:45:03,884 - src.masks - DEBUG: Проверяется номер карты на пустое значение
2026-02-28 22:45:03,884 - src.masks - DEBUG: Проверяется номер карты, что введены цифры
2026-02-28 22:45:03,884 - src.masks - DEBUG: Проверяется номер счета на количество символов
2026-02-28 22:45:03,884 - src.masks - ERROR: Введено 1. Должно быть 16
2026-02-28 22:45:03,884 - src.masks - DEBUG: Проверяется номер карты на пустое значение
2026-02-28 22:45:03,884 - src.masks - DEBUG: Проверяется номер карты, что введены цифры
2026-02-28 22:45:03,884 - src.masks - DEBUG: Проверяется номер счета на количество символов
2026-02-28 22:45:03,884 - src.masks - ERROR: Введено 1. Должно быть 16
2026-02-28 22:45:03,884 - src.masks - DEBUG: Проверяется номер карты на пустое значение
2026-02-28 22:45:03,884 - src.masks - DEBUG: Проверяется номер карты, что введены цифры
2026-02-28 22:45:03,884 - src.masks - DEBUG: Проверяется номер счета на количество символов
2026-02-28 22:45:03,884 - src.masks - ERROR: Введено 1. Должно быть 16
2026-02-28 22:45:03,884 - src.masks - DEBUG: Проверяется номер карты на пустое значение
2026-02-28 22:45:03,884 - src.masks - DEBUG: Проверяется номер карты, что введены цифры
2026-02-28 22:45:03,884 - src.masks - DEBUG: Проверяется номер счета на количество символов
2026-02-28 22:45:03,884 - src.masks - ERROR: Введено 1. Должно быть 16
2026-02-28 22:45:03,884 - src.masks - DEBUG: Проверяется номер карты на пустое значение
2026-02-28 22:45:03,884 - src.masks - DEBUG: Проверяется номер карты, что введены цифры
2026-02-28 22:45:03,884 - src.masks - DEBUG: Проверяется номер счета на количество символов
2026-02-28 22:45:03,884 - src.masks - ERROR: Введено 1. Должно быть 16
2026-02-28 22:45:03,885 - src.masks - DEBUG: Проверяется номер карты на пустое значение
2026-02-28 22:45:03,885 - src.masks - DEBUG: Проверяется номер карты, что введены цифры
2026-02-28 22:45:03,885 - src.masks - DEBUG: Проверяется номер счета на количество символов
2026-02-28 22:45:03,885 - src.masks - ERROR: Введено 1. Должно быть 16
2026-02-28 22:45:03,885 - src.masks - DEBUG: Проверяется номер карты на пустое значение
2026-02-28 22:45:03,885 - src.masks - DEBUG: Проверяется номер карты, что введены цифры
2026-02-28 22:45:03,885 - src.masks - DEBUG: Проверяется номер счета на количество символов
2026-02-28 22:45:03,885 - src.masks - ERROR: Введено 1. Должно быть 16
2026-02-28 22:45:03,885 - src.masks - DEBUG: Проверяется номер карты на пустое значение
2026-02-28 22:45:03,885 - src.masks - DEBUG: Проверяется номер карты, что введены цифры
2026-02-28 22:45:03,885 - src.masks - DEBUG: Проверяется номер счета на количество символов
2026-02-28 22:45:03,885 - src.masks - ERROR: Введено 1. Должно быть 16
2026-02-28 22:45:03,885 - src.masks - DEBUG: Проверяется номер карты на пустое значение
2026-02-28 22:45:03,885 - src.masks - DEBUG: Проверяется номер карты, что введены цифры
2026-02-28 22:45:03,885 - src.masks - DEBUG: Проверяется номер счета на количество символов
2026-02-28 22:45:03,885 - src.masks - ERROR: Введено 1. Должно быть 16
2026-02-28 22:45:03,885 - src.masks - DEBUG: Проверяется номер карты на пустое значение
2026-02-28 22:45:03,885 - src.masks - DEBUG: Проверяется номер карты, что введены цифры
2026-02-28 22:45:03,885 - src.masks - DEBUG: Проверяется номер счета на количество символов
2026-02-28 22:45:03,885 - src.masks - ERROR: Введено 1. Должно быть 16
2026-02-28 22:45:03,885 - src.masks - DEBUG: Проверяется номер карты на пустое значение
2026-02-28 22:45:03,885 - src.masks - DEBUG: Проверяется номер карты, что введены цифры
2026-02-28 22:45:03,885 - src.masks - DEBUG: Проверяется номер счета на количество символов
2026-02-28 22:45:03,885 - src.masks - ERROR: Введено 1. Должно быть 16
2026-02-28 22:45:03,885 - src.masks - DEBUG: Проверяется номер карты на пустое значение
2026-02-28 22:45:03,886 - src.masks - DEBUG: Проверяется номер карты, что введены цифры
2026-02-28 22:45:03,886 - src.masks - DEBUG: Проверяется номер счета на количество символов
2026-02-28 22:45:03,886 - src.masks - ERROR: Введено 1. Должно быть 16
2026-02-28 22:45:03,886 - src.masks - DEBUG: Проверяется номер карты на пустое значение
2026-02-28 22:45:03,886 - src.masks - DEBUG: Проверяется номер карты, что введены цифры
2026-02-28 22:45:03,886 - src.masks - DEBUG: Проверяется номер счета на количество символов
2026-02-28 22:45:03,886 - src.masks - ERROR: Введено 1. Должно быть 16
2026-02-28 22:45:03,886 - src.masks - DEBUG: Проверяется номер карты на пустое значение
2026-02-28 22:45:03,886 - src.masks - DEBUG: Проверяется номер карты, что введены цифры
2026-02-28 22:45:03,886 - src.masks - DEBUG: Проверяется номер счета на количество символов
2026-02-28 22:45:03,886 - src.masks - ERROR: Введено 1. Должно быть 16
2026-02-28 22:45:03,886 - src.masks - DEBUG: Проверяется номер карты на пустое значение
2026-02-28 22:45:03,886 - src.masks - DEBUG: Проверяется номер карты, что введены цифры
2026-02-28 22:45:03,886 - src.masks - DEBUG: Проверяется номер счета на количество символов
2026-02-28 22:45:03,886 - src.masks - ERROR: Введено 1. Должно быть 16
2026-02-28 22:45:03,886 - src.masks - DEBUG: Проверяется номер карты на пустое значение
2026-02-28 22:45:03,886 - src.masks - DEBUG: Проверяется номер карты, что введены цифры
2026-02-28 22:45:03,886 - src.masks - DEBUG: Проверяется номер счета на количество символов
2026-02-28 22:45:03,886 - src.masks - ERROR: Введено 1. Должно быть 16
2026-02-28 22:45:03,886 - src.masks - DEBUG: Проверяется номер карты на пустое значение
2026-02-28 22:45:03,886 - src.masks - DEBUG: Проверяется номер карты, что введены цифры
2026-02-28 22:45:03,886 - src.masks - DEBUG: Проверяется номер счета на количество символов
2026-02-28 22:45:03,886 - src.masks - ERROR: Введено 1. Должно быть 16
2026-02-28 22:45:03,886 - src.masks - DEBUG: Проверяется номер карты на пустое значение
2026-02-28 22:45:03,886 - src.masks - DEBUG: Проверяется номер карты, что введены цифры
2026-02-28 22:45:03,887 - src.masks - DEBUG: Проверяется номер счета на количество символов
2026-02-28 22:45:03,887 - src.masks - ERROR: Введено 1. Должно быть 16
2026-02-28 22:45:03,887 - src.masks - DEBUG: Проверяется номер карты на пустое значение
2026-02-28 22:45:03,887 - src.masks - DEBUG: Проверяется номер карты, что введены цифры
2026-02-28 22:45:03,887 - src.masks - DEBUG: Проверяется номер счета на количество символов
2026-02-28 22:45:03,887 - src.masks - ERROR: Введено 1. Должно быть 16
2026-02-28 22:45:03,887 - src.masks - DEBUG: Проверяется номер карты на пустое значение
2026-02-28 22:45:03,887 - src.masks - DEBUG: Проверяется номер карты, что введены цифры
2026-02-28 22:45:03,887 - src.masks - DEBUG: Проверяется номер счета на количество символов
2026-02-28 22:45:03,887 - src.masks - ERROR: Введено 1. Должно быть 16
2026-02-28 22:45:03,887 - src.masks - DEBUG: Проверяется номер карты на пустое значение
2026-02-28 22:45:03,887 - src.masks - DEBUG: Проверяется номер карты, что введены цифры
2026-02-28 22:45:03,887 - src.masks - DEBUG: Проверяется номер счета на количество символов
2026-02-28 22:45:03,887 - src.masks - ERROR: Введено 1. Должно быть 16
2026-02-28 22:45:03,888 - src.masks - DEBUG: Проверяется номер карты на пустое значение
2026-02-28 22:45:03,888 - src.masks - DEBUG: Проверяется номер карты, что введены цифры
2026-02-28 22:45:03,888 - src.masks - DEBUG: Проверяется номер счета на количество символов
2026-02-28 22:45:03,888 - src.masks - ERROR: Введено 1. Должно быть 16
2026-02-28 22:45:03,888 - src.masks - DEBUG: Проверяется номер карты на пустое значение
2026-02-28 22:45:03,888 - src.masks - DEBUG: Проверяется номер карты, что введены цифры
2026-02-28 22:45:03,888 - src.masks - DEBUG: Проверяется номер счета на количество символов
2026-02-28 22:45:03,888 - src.masks - ERROR: Введено 1. Должно быть 16
2026-02-28 22:45:03,888 - src.masks - DEBUG: Проверяется номер карты на пустое значение
2026-02-28 22:45:03,888 - src.masks - DEBUG: Проверяется номер карты, что введены цифры
2026-02-28 22:45:03,888 - src.masks - DEBUG: Проверяется номер счета на количество символов
2026-02-28 22:45:03,888 - src.masks - ERROR: Введено 1. Должно быть 16
2026-02-28 22:45:03,889 - src.masks - DEBUG: Проверяется номер счета на пустое значение
2026-02-28 22:45:03,889 - src.masks - DEBUG: Проверяется номер счета, что введены цифры
2026-02-28 22:45:03,889 - src.masks - DEBUG: Проверяется номер счета на количество символов
2026-02-28 22:45:03,889 - src.masks - INFO: Замаскирован номер счета
2026-02-28 22:45:03,890 - src.masks - DEBUG: Проверяется номер счета на пустое значение
2026-02-28 22:45:03,890 - src.masks - DEBUG: Проверяется номер счета, что введены цифры
2026-02-28 22:45:03,890 - src.masks - DEBUG: Проверяется номер счета на количество символов
2026-02-28 22:45:03,890 - src.masks - INFO: Замаскирован номер счета
2026-02-28 22:45:03,891 - src.masks - DEBUG: Проверяется номер счета на пустое значение
2026-02-28 22:45:03,891 - src.masks - DEBUG: Проверяется номер счета, что введены цифры
2026-02-28 22:45:03,891 - src.masks - DEBUG: Проверяется номер счета на количество символов
2026-02-28 22:45:03,891 - src.masks - INFO: Замаскирован номер счета
2026-02-28 22:45:03,892 - src.masks - DEBUG: Проверяется номер счета на пустое значение
2026-02-28 22:45:03,892 - src.masks - DEBUG: Проверяется номер счета, что введены цифры
2026-02-28 22:45:03,892 - src.masks - DEBUG: Проверяется номер счета на количество символов
2026-02-28 22:45:03,892 - src.masks - INFO: Замаскирован номер счета
2026-02-28 22:45:03,892 - src.masks - DEBUG: Проверяется номер счета на пустое значение
2026-02-28 22:45:03,893 - src.masks - ERROR: Не введено никаких символов
2026-02-28 22:45:03,893 - src.masks - DEBUG: Проверяется номер счета на пустое значение
2026-02-28 22:45:03,893 - src.masks - DEBUG: Проверяется номер счета, что введены цифры
2026-02-28 22:45:03,893 - src.masks - ERROR: Введены буквенные значения
2026-02-28 22:45:03,894 - src.masks - DEBUG: Проверяется номер счета на пустое значение
2026-02-28 22:45:03,894 - src.masks - DEBUG: Проверяется номер счета, что введены цифры
2026-02-28 22:45:03,894 - src.masks - ERROR: Введены буквенные значения
2026-02-28 22:45:03,895 - src.masks - DEBUG: Проверяется номер счета на пустое значение
2026-02-28 22:45:03,895 - src.masks - DEBUG: Проверяется номер счета, что введены цифры
2026-02-28 22:45:03,895 - src.masks - ERROR: Введены буквенные значения
2026-02-28 22:45:03,896 - src.masks - DEBUG: Проверяется номер счета на пустое значение
2026-02-28 22:45:03,896 - src.masks - DEBUG: Проверяется номер счета, что введены цифры
2026-02-28 22:45:03,896 - src.masks - ERROR: Введены буквенные значения
2026-02-28 22:45:03,896 - src.masks - DEBUG: Проверяется номер счета на пустое значение
2026-02-28 22:45:03,897 - src.masks - DEBUG: Проверяется номер счета, что введены цифры
2026-02-28 22:45:03,897 - src.masks - DEBUG: Проверяется номер счета на количество символов
2026-02-28 22:45:03,897 - src.masks - ERROR: Введено 1. Должно быть 20
2026-02-28 22:45:03,897 - src.masks - DEBUG: Проверяется номер счета на пустое значение
2026-02-28 22:45:03,897 - src.masks - DEBUG: Проверяется номер счета, что введены цифры
2026-02-28 22:45:03,897 - src.masks - DEBUG: Проверяется номер счета на количество символов
2026-02-28 22:45:03,897 - src.masks - ERROR: Введено 1. Должно быть 20
2026-02-28 22:45:03,897 - src.masks - DEBUG: Проверяется номер счета на пустое значение
2026-02-28 22:45:03,897 - src.masks - DEBUG: Проверяется номер счета, что введены цифры
2026-02-28 22:45:03,897 - src.masks - DEBUG: Проверяется номер счета на количество символов
2026-02-28 22:45:03,897 - src.masks - ERROR: Введено 1. Должно быть 20
2026-02-28 22:45:03,897 - src.masks - DEBUG: Проверяется номер счета на пустое значение
2026-02-28 22:45:03,897 - src.masks - DEBUG: Проверяется номер счета, что введены цифры
2026-02-28 22:45:03,897 - src.masks - DEBUG: Проверяется номер счета на количество символов
2026-02-28 22:45:03,897 - src.masks - ERROR: Введено 1. Должно быть 20
2026-02-28 22:45:03,897 - src.masks - DEBUG: Проверяется номер счета на пустое значение
2026-02-28 22:45:03,897 - src.masks - DEBUG: Проверяется номер счета, что введены цифры
2026-02-28 22:45:03,897 - src.masks - DEBUG: Проверяется номер счета на количество символов
2026-02-28 22:45:03,897 - src.masks - ERROR: Введено 1. Должно быть 20
2026-02-28 22:45:03,897 - src.masks - DEBUG: Проверяется номер счета на пустое значение
2026-02-28 22:45:03,897 - src.masks - DEBUG: Проверяется номер счета, что введены цифры
2026-02-28 22:45:03,897 - src.masks - DEBUG: Проверяется номер счета на количество символов
2026-02-28 22:45:03,897 - src.masks - ERROR: Введено 1. Должно быть 20
2026-02-28 22:45:03,897 - src.masks - DEBUG: Проверяется номер счета на пустое значение
2026-02-28 22:45:03,898 - src.masks - DEBUG: Проверяется номер счета, что введены цифры
2026-02-28 22:45:03,898 - src.masks - DEBUG: Проверяется номер счета на количество символов
2026-02-28 22:45:03,898 - src.masks - ERROR: Введено 1. Должно быть 20
2026-02-28 22:45:03,898 - src.masks - DEBUG: Проверяется номер счета на пустое значение
2026-02-28 22:45:03,898 - src.masks - DEBUG: Проверяется номер счета, что введены цифры
2026-02-28 22:45:03,898 - src.masks - DEBUG: Проверяется номер счета на количество символов
2026-02-28 22:45:03,898 - src.masks - ERROR: Введено 1. Должно быть 20
2026-02-28 22:45:03,899 - src.masks - DEBUG: Проверяется номер счета на пустое значение
2026-02-28 22:45:03,899 - src.masks - DEBUG: Проверяется номер счета, что введены цифры
2026-02-28 22:45:03,899 - src.masks - DEBUG: Проверяется номер счета на количество символов
2026-02-28 22:45:03,899 - src.masks - ERROR: Введено 1. Должно быть 20
2026-02-28 22:45:03,899 - src.masks - DEBUG: Проверяется номер счета на пустое значение
2026-02-28 22:45:03,899 - src.masks - DEBUG: Проверяется номер счета, что введены цифры
2026-02-28 22:45:03,899 - src.masks - DEBUG: Проверяется номер счета на количество символов
2026-02-28 22:45:03,899 - src.masks - ERROR: Введено 1. Должно быть 20
2026-02-28 22:45:03,899 - src.masks - DEBUG: Проверяется номер счета на пустое значение
2026-02-28 22:45:03,900 - src.masks - DEBUG: Проверяется номер счета, что введены цифры
2026-02-28 22:45:03,900 - src.masks - DEBUG: Проверяется номер счета на количество символов
2026-02-28 22:45:03,900 - src.masks - ERROR: Введено 1. Должно быть 20
2026-02-28 22:45:03,900 - src.masks - DEBUG: Проверяется номер счета на пустое значение
2026-02-28 22:45:03,900 - src.masks - DEBUG: Проверяется номер счета, что введены цифры
2026-02-28 22:45:03,900 - src.masks - DEBUG: Проверяется номер счета на количество символов
2026-02-28 22:45:03,900 - src.masks - ERROR: Введено 1. Должно быть 20
2026-02-28 22:45:03,900 - src.masks - DEBUG: Проверяется номер счета на пустое значение
2026-02-28 22:45:03,900 - src.masks - DEBUG: Проверяется номер счета, что введены цифры
2026-02-28 22:45:03,900 - src.masks - DEBUG: Проверяется номер счета на количество символов
2026-02-28 22:45:03,900 - src.masks - ERROR: Введено 1. Должно быть 20
2026-02-28 22:45:03,900 - src.masks - DEBUG: Проверяется номер счета на пустое значение
2026-02-28 22:45:03,900 - src.masks - DEBUG: Проверяется номер счета, что введены цифры
2026-02-28 22:45:03,900 - src.masks - DEBUG: Проверяется номер счета на количество символов
2026-02-28 22:45:03,900 - src.masks - ERROR: Введено 1. Должно быть 20
2026-02-28 22:45:03,900 - src.masks - DEBUG: Проверяется номер счета на пустое значение
2026-02-28 22:45:03,900 - src.masks - DEBUG: Проверяется номер счета, что введены цифры
2026-02-28 22:45:03,900 - src.masks - DEBUG: Проверяется номер счета на количество символов
2026-02-28 22:45:03,900 - src.masks - ERROR: Введено 1. Должно быть 20
2026-02-28 22:45:03,900 - src.masks - DEBUG: Проверяется номер счета на пустое значение
2026-02-28 22:45:03,901 - src.masks - DEBUG: Проверяется номер счета, что введены цифры
2026-02-28 22:45:03,901 - src.masks - DEBUG: Проверяется номер счета на количество символов
2026-02-28 22:45:03,901 - src.masks - ERROR: Введено 1. Должно быть 20
2026-02-28 22:45:03,901 - src.masks - DEBUG: Проверяется номер счета на пустое значение
2026-02-28 22:45:03,901 - src.masks - DEBUG: Проверяется номер счета, что введены цифры
2026-02-28 22:45:03,901 - src.masks - DEBUG: Проверяется номер счета на количество символов
2026-02-28 22:45:03,901 - src.masks - ERROR: Введено 1. Должно быть 20
2026-02-28 22:45:03,901 - src.masks - DEBUG: Проверяется номер счета на пустое значение
2026-02-28 22:45:03,901 - src.masks - DEBUG: Проверяется номер счета, что введены цифры
2026-02-28 22:45:03,901 - src.masks - DEBUG: Проверяется номер счета на количество символов
2026-02-28 22:45:03,901 - src.masks - ERROR: Введено 1. Должно быть 20
2026-02-28 22:45:03,901 - src.masks - DEBUG: Проверяется номер счета на пустое значение
2026-02-28 22:45:03,901 - src.masks - DEBUG: Проверяется номер счета, что введены цифры
2026-02-28 22:45:03,901 - src.masks - DEBUG: Проверяется номер счета на количество символов
2026-02-28 22:45:03,901 - src.masks - ERROR: Введено 1. Должно быть 20
2026-02-28 22:45:03,901 - src.masks - DEBUG: Проверяется номер счета на пустое значение
2026-02-28 22:45:03,901 - src.masks - DEBUG: Проверяется номер счета, что введены цифры
2026-02-28 22:45:03,901 - src.masks - DEBUG: Проверяется номер счета на количество символов
2026-02-28 22:45:03,902 - src.masks - ERROR: Введено 1. Должно быть 20
2026-02-28 22:45:03,902 - src.masks - DEBUG: Проверяется номер счета на пустое значение
2026-02-28 22:45:03,902 - src.masks - DEBUG: Проверяется номер счета, что введены цифры
2026-02-28 22:45:03,902 - src.masks - DEBUG: Проверяется номер счета на количество символов
2026-02-28 22:45:03,902 - src.masks - ERROR: Введено 1. Должно быть 20
2026-02-28 22:45:03,902 - src.masks - DEBUG: Проверяется номер счета на пустое значение
2026-02-28 22:45:03,902 - src.masks - DEBUG: Проверяется номер счета, что введены цифры
2026-02-28 22:45:03,902 - src.masks - DEBUG: Проверяется номер счета на количество символов
2026-02-28 22:45:03,902 - src.masks - ERROR: Введено 1. Должно быть 20
2026-02-28 22:45:03,902 - src.masks - DEBUG: Проверяется номер счета на пустое значение
2026-02-28 22:45:03,902 - src.masks - DEBUG: Проверяется номер счета, что введены цифры
2026-02-28 22:45:03,902 - src.masks - DEBUG: Проверяется номер счета на количество символов
2026-02-28 22:45:03,902 - src.masks - ERROR: Введено 1. Должно быть 20
2026-02-28 22:45:03,902 - src.masks - DEBUG: Проверяется номер счета на пустое значение
2026-02-28 22:45:03,902 - src.masks - DEBUG: Проверяется номер счета, что введены цифры
2026-02-28 22:45:03,902 - src.masks - DEBUG: Проверяется номер счета на количество символов
2026-02-28 22:45:03,903 - src.masks - ERROR: Введено 1. Должно быть 20
2026-02-28 22:45:03,903 - src.masks - DEBUG: Проверяется номер счета на пустое значение
2026-02-28 22:45:03,903 - src.masks - DEBUG: Проверяется номер счета, что введены цифры
2026-02-28 22:45:03,903 - src.masks - DEBUG: Проверяется номер счета на количество символов
2026-02-28 22:45:03,903 - src.masks - ERROR: Введено 1. Должно быть 20
2026-02-28 22:45:03,903 - src.masks - DEBUG: Проверяется номер счета на пустое значение
2026-02-28 22:45:03,903 - src.masks - DEBUG: Проверяется номер счета, что введены цифры
2026-02-28 22:45:03,903 - src.masks - DEBUG: Проверяется номер счета на количество символов
2026-02-28 22:45:03,903 - src.masks - ERROR: Введено 1. Должно быть 20
2026-02-28 22:45:03,903 - src.masks - DEBUG: Проверяется номер счета на пустое значение
2026-02-28 22:45:03,903 - src.masks - DEBUG: Проверяется номер счета, что введены цифры
2026-02-28 22:45:03,903 - src.masks - DEBUG: Проверяется номер счета на количество символов
2026-02-28 22:45:03,903 - src.masks - ERROR: Введено 1. Должно быть 20
2026-02-28 22:45:03,903 - src.masks - DEBUG: Проверяется номер счета на пустое значение
2026-02-28 22:45:03,903 - src.masks - DEBUG: Проверяется номер счета, что введены цифры
2026-02-28 22:45:03,904 - src.masks - DEBUG: Проверяется номер счета на количество символов
2026-02-28 22:45:03,904 - src.masks - ERROR: Введено 1. Должно быть 20
2026-02-28 22:45:03,904 - src.masks - DEBUG: Проверяется номер счета на пустое значение
2026-02-28 22:45:03,904 - src.masks - DEBUG: Проверяется номер счета, что введены цифры
2026-02-28 22:45:03,904 - src.masks - DEBUG: Проверяется номер счета на количество символов
2026-02-28 22:45:03,904 - src.masks - ERROR: Введено 1. Должно быть 20
2026-02-28 22:45:03,904 - src.masks - DEBUG: Проверяется номер счета на пустое значение
2026-02-28 22:45:03,904 - src.masks - DEBUG: Проверяется номер счета, что введены цифры
2026-02-28 22:45:03,904 - src.masks - DEBUG: Проверяется номер счета на количество символов
2026-02-28 22:45:03,904 - src.masks - ERROR: Введено 1. Должно быть 20
2026-02-28 22:45:03,904 - src.masks - DEBUG: Проверяется номер счета на пустое значение
2026-02-28 22:45:03,904 - src.masks - DEBUG: Проверяется номер счета, что введены цифры
2026-02-28 22:45:03,904 - src.masks - DEBUG: Проверяется номер счета на количество символов
2026-02-28 22:45:03,904 - src.masks - ERROR: Введено 1. Должно быть 20
2026-02-28 22:45:03,904 - src.masks - DEBUG: Проверяется номер счета на пустое значение
2026-02-28 22:45:03,904 - src.masks - DEBUG: Проверяется номер счета, что введены цифры
2026-02-28 22:45:03,905 - src.masks - DEBUG: Проверяется номер счета на количество символов
2026-02-28 22:45:03,905 - src.masks - ERROR: Введено 1. Должно быть 20
2026-02-28 22:45:03,905 - src.masks - DEBUG: Проверяется номер счета на пустое значение
2026-02-28 22:45:03,905 - src.masks - DEBUG: Проверяется номер счета, что введены цифры
2026-02-28 22:45:03,905 - src.masks - DEBUG: Проверяется номер счета на количество символов
2026-02-28 22:45:03,905 - src.masks - ERROR: Введено 1. Должно быть 20
2026-02-28 22:45:03,905 - src.masks - DEBUG: Проверяется номер счета на пустое значение
2026-02-28 22:45:03,905 - src.masks - DEBUG: Проверяется номер счета, что введены цифры
2026-02-28 22:45:03,905 - src.masks - DEBUG: Проверяется номер счета на количество символов
2026-02-28 22:45:03,905 - src.masks - ERROR: Введено 1. Должно быть 20
2026-02-28 22:45:03,905 - src.masks - DEBUG: Проверяется номер счета на пустое значение
2026-02-28 22:45:03,905 - src.masks - DEBUG: Проверяется номер счета, что введены цифры
2026-02-28 22:45:03,905 - src.masks - DEBUG: Проверяется номер счета на количество символов
2026-02-28 22:45:03,905 - src.masks - ERROR: Введено 1. Должно быть 20
2026-02-28 22:45:03,905 - src.masks - DEBUG: Проверяется номер счета на пустое значение
2026-02-28 22:45:03,906 - src.masks - DEBUG: Проверяется номер счета, что введены цифры
2026-02-28 22:45:03,906 - src.masks - DEBUG: Проверяется номер счета на количество символов
2026-02-28 22:45:03,906 - src.masks - ERROR: Введено 1. Должно быть 20
2026-02-28 22:45:03,906 - src.masks - DEBUG: Проверяется номер счета на пустое значение
2026-02-28 22:45:03,906 - src.masks - DEBUG: Проверяется номер счета, что введены цифры
2026-02-28 22:45:03,906 - src.masks - DEBUG: Проверяется номер счета на количество символов
2026-02-28 22:45:03,906 - src.masks - ERROR: Введено 1. Должно быть 20
2026-02-28 22:45:03,907 - src.masks - DEBUG: Проверяется номер счета на пустое значение
2026-02-28 22:45:03,907 - src.masks - DEBUG: Проверяется номер счета, что введены цифры
2026-02-28 22:45:03,907 - src.masks - DEBUG: Проверяется номер счета на количество символов
2026-02-28 22:45:03,907 - src.masks - ERROR: Введено 1. Должно быть 20
2026-02-28 22:45:03,907 - src.masks - DEBUG: Проверяется номер счета на пустое значение
2026-02-28 22:45:03,907 - src.masks - DEBUG: Проверяется номер счета, что введены цифры
2026-02-28 22:45:03,907 - src.masks - DEBUG: Проверяется номер счета на количество символов
2026-02-28 22:45:03,907 - src.masks - ERROR: Введено 1. Должно быть 20
2026-02-28 22:45:03,907 - src.masks - DEBUG: Проверяется номер счета на пустое значение
2026-02-28 22:45:03,907 - src.masks - DEBUG: Проверяется номер счета, что введены цифры
2026-02-28 22:45:03,907 - src.masks - DEBUG: Проверяется номер счета на количество символов
2026-02-28 22:45:03,907 - src.masks - ERROR: Введено 1. Должно быть 20
2026-02-28 22:45:03,935 - src.masks - DEBUG: Проверяется номер карты на пустое значение
2026-02-28 22:45:03,935 - src.masks - DEBUG: Проверяется номер карты, что введены цифры
2026-02-28 22:45:03,936 - src.masks - DEBUG: Проверяется номер счета на количество символов
2026-02-28 22:45:03,936 - src.masks - INFO: Замаскирован номер карты
2026-02-28 22:45:03,936 - src.masks - DEBUG: Проверяется номер карты на пустое значение
2026-02-28 22:45:03,936 - src.masks - DEBUG: Проверяется номер карты, что введены цифры
2026-02-28 22:45:03,936 - src.masks - DEBUG: Проверяется номер счета на количество символов
2026-02-28 22:45:03,936 - src.masks - INFO: Замаскирован номер карты
2026-02-28 22:45:03,937 - src.masks - DEBUG: Проверяется номер счета на пустое значение
2026-02-28 22:45:03,937 - src.masks - DEBUG: Проверяется номер счета, что введены цифры
2026-02-28 22:45:03,937 - src.masks - DEBUG: Проверяется номер счета на количество символов
2026-02-28 22:45:03,937 - src.masks - INFO: Замаскирован номер счета
